definitions = "definition.csv"
provinces = "provinces.png"
rivers = "rivers.png"
topology = "heightmap.heightmap"
continent = "continent.txt"
adjacencies = "adjacencies.csv"
island_region = "island_region.txt"
seasons = "seasons.txt"

sea_zones = RANGE { 6167  6497 }

# The Summer Sea Zones
sea_zones = RANGE { 6647  6652 }

sea_zones = RANGE { 6890  6899 }

# Vasyugys to Western Valyria Sea Zones
sea_zones = RANGE { 6900  6908 }

sea_zones = RANGE { 6908  6986 }

# Valyrian Seas
sea_zones = LIST { 2959 }
sea_zones = LIST { 7270 }
sea_zones = LIST { 7273 }
sea_zones = LIST { 7274 }
sea_zones = LIST { 7277 }
sea_zones = LIST { 7279 }

# Rhoyne and Volantis
sea_zones = RANGE { 7141 7163 }

# Braavosi Shore-Lorath Bay Sea Zones
sea_zones = RANGE { 6781 6785 }

sea_zones = RANGE { 6162 6163 }
sea_zones = LIST { 7139 }

impassable_seas = LIST { 2958 }
impassable_seas = LIST { 2960 }
impassable_seas = RANGE { 6619  6646 }

# Northern Seas
impassable_seas = RANGE { 6759  6780 }
impassable_seas = RANGE { 6786  6889 }
impassable_seas = RANGE { 7165  7257 }

# Summer Sea near New Ghis (6676 - 6677)
sea_zones = RANGE { 6676 6677 }

# Summer Sea near Summer Isles
impassable_seas = RANGE { 6636  6639 }

# Indigo Straits
impassable_seas = RANGE { 6702  6707 }

# Straits of Summer
impassable_seas = RANGE { 6708  6758 }

# Summer Sea
impassable_seas = RANGE { 6653  6659 }
impassable_seas = RANGE { 6685 6701 }

# Summer Sea near Naath
impassable_seas = RANGE { 6660  6663 }

# Basilisk Isles
impassable_seas = RANGE { 6632  6639 }
impassable_seas = RANGE { 6645  6646 }

impassable_seas = LIST { 6653 }

sea_zones = RANGE { 6664  6669 }
sea_zones = RANGE { 6670  6682 }
sea_zones = RANGE { 7041  7064 }
impassable_seas = LIST { 6683 6684 }
#impassable_seas = RANGE { 6997  7062 }
impassable_seas = RANGE { 6997  7025 }
sea_zones = RANGE { 7026  7030 }
impassable_seas = RANGE { 7031  7040 }
impassable_seas = RANGE { 7065  7128 }
sea_zones = LIST { 7271 7276 }
impassable_seas = LIST { 7272 }

# New Ghis (6987 - 6994)
sea_zones = RANGE { 6986 6996 }
#sea_zones = RANGE { 6995  7128 }

# Qhoyne (7129 - 7134)
# Rhoyne (7135 - 7139) (7148 - 7163)
# Upper Rhoyne (7140 - 7147)
river_provinces = RANGE { 7129  7163 }

impassable_seas = RANGE { 7164  7246 }
# impassable_seas = RANGE { 7249  7257 }
impassable_seas = LIST { 7269 }
#impassable_seas = RANGE { 7271  7272 }
impassable_seas = LIST { 7275 }
impassable_seas = LIST { 7278 }

lakes = RANGE { 6599  6618 }
lakes = LIST { 7247 }
lakes = LIST { 7248 }
lakes = LIST { 7258 }
impassable_mountains = RANGE { 2224  2250 }
impassable_mountains = RANGE { 6100  6166 }
impassable_mountains = RANGE { 7267  7268 }
#impassable_mountains = LIST { 8120 }

# Slaver's Bay
#impassable_mountains = LIST { 8364 }

# Valyria
impassable_mountains = LIST { 9409 }
impassable_mountains = LIST { 9774 }

# Bleeding Sea
lakes = RANGE { 9669  9670 }

# The Blackwater - The God's Eye (6498 - 6516)
# The Trident - The Red Fork (6517 - 6534)
# The Trident - The Blue Fork (6522 - 6543)
# The Green Fork (6544 - 6560)
# The White Knife (6561 - 6570)
# The Mander (6571 - 6584)
# The Greenblood (6585 - 6595)
river_provinces = RANGE { 6498  6598 }